../Core/Src/main.c:111:6:setLightState	16	static
../Core/Src/main.c:146:6:scan_keypad	16	static
../Core/Src/main.c:169:6:processTwoDigitInput	16	static
../Core/Src/main.c:190:6:string_keypad	8	static
../Core/Src/main.c:213:6:led7dispaly	24	static
../Core/Src/main.c:224:6:led7dispaly_1	24	static
../Core/Src/main.c:235:6:quetLed_combined	24	static
../Core/Src/main.c:266:6:turnoff_led	8	static
../Core/Src/main.c:287:6:HAL_TIM_PeriodElapsedCallback	16	static
../Core/Src/main.c:370:5:main	8	static
../Core/Src/main.c:445:6:SystemClock_Config	88	static
../Core/Src/main.c:491:13:MX_TIM2_Init	32	static
../Core/Src/main.c:536:13:MX_TIM3_Init	32	static
../Core/Src/main.c:581:13:MX_GPIO_Init	48	static
../Core/Src/main.c:669:6:Error_Handler	4	static,ignoring_inline_asm
